
> codepilot-extension@0.0.1 package
> webpack --mode production --devtool hidden-source-map

assets by status 102 KiB [cached] 3 assets
cacheable modules 172 KiB
  modules by path ./node_modules/js-yaml/ 109 KiB 25 modules
  modules by path ./src/ 63.3 KiB
    ./src/extension.ts 3.48 KiB [built] [code generated]
    ./src/agentSocketClient.ts 6.7 KiB [built] [code generated]
    ./src/chatViewProvider.ts 30.5 KiB [built] [code generated]
    + 5 modules
external "vscode" 42 bytes [built] [code generated]
external "net" 42 bytes [built] [code generated]
external "events" 42 bytes [built] [code generated]
external "fs/promises" 42 bytes [built] [code generated]
external "fs" 42 bytes [built] [code generated]
external "path" 42 bytes [built] [code generated]
external "os" 42 bytes [built] [code generated]
external "child_process" 42 bytes [built] [code generated]

ERROR in ./src/webview/chat/types.ts 1:7
Module parse failed: Unexpected token (1:7)
You may need an appropriate loader to handle this file type, currently no loaders are configured to process this file. See https://webpack.js.org/concepts#loaders
> export interface SessionSummary {
|     session_id: string;
|     title: string;
 @ ./src/chatViewProvider.ts 44:16-47
 @ ./src/extension.ts 40:27-56

webpack 5.108.4 compiled with 1 error in 3520 ms

assets by path *.css 29.5 KiB
  asset chat.css 22.1 KiB [compared for emit] (name: chat) 1 related asset
  asset xterm.css 5.26 KiB [compared for emit] [from: node_modules/xterm/css/xterm.css] [copied]
  asset hljs-theme.css 2.13 KiB [compared for emit] [from: node_modules/highlight.js/styles/github-dark.css] [copied]
assets by status 1.32 MiB [big]
  asset chat.js 1.05 MiB [compared for emit] [minimized] [big] (name: chat) 1 related asset
  asset terminal.js 279 KiB [compared for emit] [minimized] [big] (name: terminal) 1 related asset
Entrypoint chat [big] 1.07 MiB (2.51 MiB) = chat.css 22.1 KiB chat.js 1.05 MiB 2 auxiliary assets
Entrypoint terminal [big] 279 KiB (606 KiB) = terminal.js 1 auxiliary asset
orphan modules 399 KiB (javascript) 1.37 KiB (runtime) [orphan] 94 modules
runtime modules 2.4 KiB 7 modules
modules by path ./node_modules/highlight.js/lib/languages/*.js 1.42 MiB
  ./node_modules/highlight.js/lib/languages/1c.js 63.4 KiB [built] [code generated]
  ./node_modules/highlight.js/lib/languages/abnf.js 1.44 KiB [built] [code generated]
  + 190 modules
modules by path ./src/webview/ 353 KiB (javascript) 22.1 KiB (css/mini-extract)
  ./src/webview/chat/main.ts + 83 modules 351 KiB [built] [code generated]
  ./src/webview/terminal/main.ts 1.92 KiB [built] [code generated]
  css ./node_modules/css-loader/dist/cjs.js!./src/webview/chat/styles.css 22.1 KiB [built] [code generated]
modules by path ./node_modules/highlight.js/lib/*.js 86.2 KiB
  ./node_modules/highlight.js/lib/index.js 12 KiB [built] [code generated]
  ./node_modules/highlight.js/lib/core.js 74.2 KiB [built] [code generated]
./node_modules/xterm/lib/xterm.js 277 KiB [built] [code generated]
./node_modules/xterm-addon-fit/lib/xterm-addon-fit.js 1.47 KiB [built] [code generated]

WARNING in asset size limit: The following asset(s) exceed the recommended size limit (244 KiB).
This can impact web performance.
Assets: 
  chat.js (1.05 MiB)
  terminal.js (279 KiB)

WARNING in entrypoint size limit: The following entrypoint(s) combined asset size exceeds the recommended limit (244 KiB). This can impact web performance.
Entrypoints:
  chat (1.07 MiB)
      chat.css
      chat.js
  terminal (279 KiB)
      terminal.js

WARNING in webpack performance recommendations: 
You can limit the size of your bundles by using import() or require.ensure to lazy load some parts of your application.
For more info visit https://webpack.js.org/guides/code-splitting/

webpack 5.108.4 compiled with 3 warnings in 5813 ms
